// Jest Snapshot v1, https://goo.gl/fbAQLP

exports[`MenuButton renders 1`] = `
ShallowWrapper {
  "length": 1,
  Symbol(enzyme.__root__): [Circular],
  Symbol(enzyme.__unrendered__): <MenuButton />,
  Symbol(enzyme.__renderer__): Object {
    "batchedUpdates": [Function],
    "getNode": [Function],
    "render": [Function],
    "simulateEvent": [Function],
    "unmount": [Function],
  },
  Symbol(enzyme.__node__): Object {
    "instance": null,
    "key": undefined,
    "nodeType": "function",
    "props": Object {
      "children": Array [
        <WithStyles(IconButton)
          aria-label="Menu"
          color="inherit"
          onClick={undefined}
>
          <pure(Menu) />
</WithStyles(IconButton)>,
        <WithStyles(Menu)
          anchorEl={undefined}
          id="simple-menu"
          onClose={undefined}
          open={false}
>
          <WithStyles(MenuItem)
                    id="menu-item"
                    onClick={undefined}
          >
                    Logout
          </WithStyles(MenuItem)>
</WithStyles(Menu)>,
      ],
    },
    "ref": null,
    "rendered": Array [
      Object {
        "instance": null,
        "key": undefined,
        "nodeType": "class",
        "props": Object {
          "aria-label": "Menu",
          "children": <pure(Menu) />,
          "color": "inherit",
          "onClick": undefined,
        },
        "ref": null,
        "rendered": Object {
          "instance": null,
          "key": undefined,
          "nodeType": "class",
          "props": Object {},
          "ref": null,
          "rendered": null,
          "type": [Function],
        },
        "type": [Function],
      },
      Object {
        "instance": null,
        "key": undefined,
        "nodeType": "class",
        "props": Object {
          "anchorEl": undefined,
          "children": <WithStyles(MenuItem)
            id="menu-item"
            onClick={undefined}
>
            Logout
</WithStyles(MenuItem)>,
          "id": "simple-menu",
          "onClose": undefined,
          "open": false,
        },
        "ref": null,
        "rendered": Object {
          "instance": null,
          "key": undefined,
          "nodeType": "class",
          "props": Object {
            "children": "Logout",
            "id": "menu-item",
            "onClick": undefined,
          },
          "ref": null,
          "rendered": "Logout",
          "type": [Function],
        },
        "type": [Function],
      },
    ],
    "type": Symbol(react.fragment),
  },
  Symbol(enzyme.__nodes__): Array [
    Object {
      "instance": null,
      "key": undefined,
      "nodeType": "function",
      "props": Object {
        "children": Array [
          <WithStyles(IconButton)
            aria-label="Menu"
            color="inherit"
            onClick={undefined}
>
            <pure(Menu) />
</WithStyles(IconButton)>,
          <WithStyles(Menu)
            anchorEl={undefined}
            id="simple-menu"
            onClose={undefined}
            open={false}
>
            <WithStyles(MenuItem)
                        id="menu-item"
                        onClick={undefined}
            >
                        Logout
            </WithStyles(MenuItem)>
</WithStyles(Menu)>,
        ],
      },
      "ref": null,
      "rendered": Array [
        Object {
          "instance": null,
          "key": undefined,
          "nodeType": "class",
          "props": Object {
            "aria-label": "Menu",
            "children": <pure(Menu) />,
            "color": "inherit",
            "onClick": undefined,
          },
          "ref": null,
          "rendered": Object {
            "instance": null,
            "key": undefined,
            "nodeType": "class",
            "props": Object {},
            "ref": null,
            "rendered": null,
            "type": [Function],
          },
          "type": [Function],
        },
        Object {
          "instance": null,
          "key": undefined,
          "nodeType": "class",
          "props": Object {
            "anchorEl": undefined,
            "children": <WithStyles(MenuItem)
              id="menu-item"
              onClick={undefined}
>
              Logout
</WithStyles(MenuItem)>,
            "id": "simple-menu",
            "onClose": undefined,
            "open": false,
          },
          "ref": null,
          "rendered": Object {
            "instance": null,
            "key": undefined,
            "nodeType": "class",
            "props": Object {
              "children": "Logout",
              "id": "menu-item",
              "onClick": undefined,
            },
            "ref": null,
            "rendered": "Logout",
            "type": [Function],
          },
          "type": [Function],
        },
      ],
      "type": Symbol(react.fragment),
    },
  ],
  Symbol(enzyme.__options__): Object {
    "adapter": ReactSixteenAdapter {
      "options": Object {
        "enableComponentDidUpdateOnSetState": true,
      },
    },
  },
}
`;
