// Jest Snapshot v1, https://goo.gl/fbAQLP

exports[`Form with state renders 1`] = `
ShallowWrapper {
  "length": 1,
  Symbol(enzyme.__root__): [Circular],
  Symbol(enzyme.__unrendered__): <Form
    classes={
        Object {
            "button": "string",
            "icon": "string",
            "input": "string",
            "root": "string",
          }
    }
    errors={
        Object {
            "phone": "invalidPhone",
            "sum": "required",
          }
    }
    fetchList={[Function]}
    handleBlur={[Function]}
    handleChange={[Function]}
    handleSubmit={[Function]}
    intl={
        Object {
            "formatMessage": [Function],
          }
    }
    list={
        Array [
            Object {
              "label": "mts",
              "value": "mts",
            },
          ]
    }
    setFieldValue={[Function]}
    store={
        Object {
            "clearActions": [Function],
            "dispatch": [Function],
            "getActions": [Function],
            "getState": [Function],
            "replaceReducer": [Function],
            "subscribe": [Function],
          }
    }
    touched={
        Object {
            "phone": false,
            "sum": true,
          }
    }
    values={
        Object {
            "operator": "string",
            "phone": "string",
            "sum": "string",
          }
    }
/>,
  Symbol(enzyme.__renderer__): Object {
    "batchedUpdates": [Function],
    "getNode": [Function],
    "render": [Function],
    "simulateEvent": [Function],
    "unmount": [Function],
  },
  Symbol(enzyme.__node__): Object {
    "instance": null,
    "key": undefined,
    "nodeType": "class",
    "props": Object {
      "alignItems": "center",
      "children": <WithStyles(Grid)
        className="string"
        item={true}
        lg={4}
        md={6}
        xs={12}
>
        <MaskedInput
                className="string"
                error="invalidPhone"
                id="phone"
                mask="+7 (999) 999-99-99"
                onBlur={[Function]}
                onChange={[Function]}
                valid={true}
                value="string"
        />
        <MaskedInput
                className="string"
                error="required"
                id="sum"
                mask="9999"
                onBlur={[Function]}
                onChange={[Function]}
                startAdornment={
                        <WithStyles(InputAdornment)
                                position="start"
                        >
                                ₽
                        </WithStyles(InputAdornment)>
                }
                valid={false}
                value="string"
        />
        <MaskedInput
                className="string"
                error={undefined}
                id="card"
                mask="9999 9999 9999 9999"
                onBlur={[Function]}
                onChange={[Function]}
                valid={true}
                value={undefined}
        />
        <MaskedInput
                className="string"
                error={undefined}
                id="cvv"
                mask="999"
                onBlur={[Function]}
                onChange={[Function]}
                valid={true}
                value={undefined}
        />
        <TextField
                className="string"
                id="operator"
                label={undefined}
                margin="normal"
                onChange={[Function]}
                required={false}
                select={true}
                value="string"
        >
                <WithStyles(MenuItem)
                        value="mts"
                />
        </TextField>
        <WithStyles(Button)
                className="string"
                color="primary"
                onClick={[Function]}
                variant="contained"
        >
                <pure(Payment)
                        className="string"
                />
        </WithStyles(Button)>
</WithStyles(Grid)>,
      "container": true,
      "direction": "column",
      "spacing": 16,
    },
    "ref": null,
    "rendered": Object {
      "instance": null,
      "key": undefined,
      "nodeType": "class",
      "props": Object {
        "children": Array [
          <MaskedInput
            className="string"
            error="invalidPhone"
            id="phone"
            mask="+7 (999) 999-99-99"
            onBlur={[Function]}
            onChange={[Function]}
            valid={true}
            value="string"
/>,
          <MaskedInput
            className="string"
            error="required"
            id="sum"
            mask="9999"
            onBlur={[Function]}
            onChange={[Function]}
            startAdornment={
                        <WithStyles(InputAdornment)
                                    position="start"
                        >
                                    ₽
                        </WithStyles(InputAdornment)>
            }
            valid={false}
            value="string"
/>,
          <MaskedInput
            className="string"
            error={undefined}
            id="card"
            mask="9999 9999 9999 9999"
            onBlur={[Function]}
            onChange={[Function]}
            valid={true}
            value={undefined}
/>,
          <MaskedInput
            className="string"
            error={undefined}
            id="cvv"
            mask="999"
            onBlur={[Function]}
            onChange={[Function]}
            valid={true}
            value={undefined}
/>,
          <TextField
            className="string"
            id="operator"
            label={undefined}
            margin="normal"
            onChange={[Function]}
            required={false}
            select={true}
            value="string"
>
            <WithStyles(MenuItem)
                        value="mts"
            />
</TextField>,
          <WithStyles(Button)
            className="string"
            color="primary"
            onClick={[Function]}
            variant="contained"
>
            <pure(Payment)
                        className="string"
            />
</WithStyles(Button)>,
        ],
        "className": "string",
        "item": true,
        "lg": 4,
        "md": 6,
        "xs": 12,
      },
      "ref": null,
      "rendered": Array [
        Object {
          "instance": null,
          "key": undefined,
          "nodeType": "function",
          "props": Object {
            "className": "string",
            "error": "invalidPhone",
            "id": "phone",
            "mask": "+7 (999) 999-99-99",
            "onBlur": [Function],
            "onChange": [Function],
            "valid": true,
            "value": "string",
          },
          "ref": null,
          "rendered": null,
          "type": [Function],
        },
        Object {
          "instance": null,
          "key": undefined,
          "nodeType": "function",
          "props": Object {
            "className": "string",
            "error": "required",
            "id": "sum",
            "mask": "9999",
            "onBlur": [Function],
            "onChange": [Function],
            "startAdornment": <WithStyles(InputAdornment)
              position="start"
>
              ₽
</WithStyles(InputAdornment)>,
            "valid": false,
            "value": "string",
          },
          "ref": null,
          "rendered": null,
          "type": [Function],
        },
        Object {
          "instance": null,
          "key": undefined,
          "nodeType": "function",
          "props": Object {
            "className": "string",
            "error": undefined,
            "id": "card",
            "mask": "9999 9999 9999 9999",
            "onBlur": [Function],
            "onChange": [Function],
            "valid": true,
            "value": undefined,
          },
          "ref": null,
          "rendered": null,
          "type": [Function],
        },
        Object {
          "instance": null,
          "key": undefined,
          "nodeType": "function",
          "props": Object {
            "className": "string",
            "error": undefined,
            "id": "cvv",
            "mask": "999",
            "onBlur": [Function],
            "onChange": [Function],
            "valid": true,
            "value": undefined,
          },
          "ref": null,
          "rendered": null,
          "type": [Function],
        },
        Object {
          "instance": null,
          "key": undefined,
          "nodeType": "function",
          "props": Object {
            "children": Array [
              <WithStyles(MenuItem)
                value="mts"
/>,
            ],
            "className": "string",
            "id": "operator",
            "label": undefined,
            "margin": "normal",
            "onChange": [Function],
            "required": false,
            "select": true,
            "value": "string",
          },
          "ref": null,
          "rendered": Array [
            Object {
              "instance": null,
              "key": "mts",
              "nodeType": "class",
              "props": Object {
                "children": undefined,
                "value": "mts",
              },
              "ref": null,
              "rendered": null,
              "type": [Function],
            },
          ],
          "type": [Function],
        },
        Object {
          "instance": null,
          "key": undefined,
          "nodeType": "class",
          "props": Object {
            "children": Array [
              undefined,
              <pure(Payment)
                className="string"
/>,
            ],
            "className": "string",
            "color": "primary",
            "onClick": [Function],
            "variant": "contained",
          },
          "ref": null,
          "rendered": Array [
            undefined,
            Object {
              "instance": null,
              "key": undefined,
              "nodeType": "class",
              "props": Object {
                "className": "string",
              },
              "ref": null,
              "rendered": null,
              "type": [Function],
            },
          ],
          "type": [Function],
        },
      ],
      "type": [Function],
    },
    "type": [Function],
  },
  Symbol(enzyme.__nodes__): Array [
    Object {
      "instance": null,
      "key": undefined,
      "nodeType": "class",
      "props": Object {
        "alignItems": "center",
        "children": <WithStyles(Grid)
          className="string"
          item={true}
          lg={4}
          md={6}
          xs={12}
>
          <MaskedInput
                    className="string"
                    error="invalidPhone"
                    id="phone"
                    mask="+7 (999) 999-99-99"
                    onBlur={[Function]}
                    onChange={[Function]}
                    valid={true}
                    value="string"
          />
          <MaskedInput
                    className="string"
                    error="required"
                    id="sum"
                    mask="9999"
                    onBlur={[Function]}
                    onChange={[Function]}
                    startAdornment={
                              <WithStyles(InputAdornment)
                                        position="start"
                              >
                                        ₽
                              </WithStyles(InputAdornment)>
                    }
                    valid={false}
                    value="string"
          />
          <MaskedInput
                    className="string"
                    error={undefined}
                    id="card"
                    mask="9999 9999 9999 9999"
                    onBlur={[Function]}
                    onChange={[Function]}
                    valid={true}
                    value={undefined}
          />
          <MaskedInput
                    className="string"
                    error={undefined}
                    id="cvv"
                    mask="999"
                    onBlur={[Function]}
                    onChange={[Function]}
                    valid={true}
                    value={undefined}
          />
          <TextField
                    className="string"
                    id="operator"
                    label={undefined}
                    margin="normal"
                    onChange={[Function]}
                    required={false}
                    select={true}
                    value="string"
          >
                    <WithStyles(MenuItem)
                              value="mts"
                    />
          </TextField>
          <WithStyles(Button)
                    className="string"
                    color="primary"
                    onClick={[Function]}
                    variant="contained"
          >
                    <pure(Payment)
                              className="string"
                    />
          </WithStyles(Button)>
</WithStyles(Grid)>,
        "container": true,
        "direction": "column",
        "spacing": 16,
      },
      "ref": null,
      "rendered": Object {
        "instance": null,
        "key": undefined,
        "nodeType": "class",
        "props": Object {
          "children": Array [
            <MaskedInput
              className="string"
              error="invalidPhone"
              id="phone"
              mask="+7 (999) 999-99-99"
              onBlur={[Function]}
              onChange={[Function]}
              valid={true}
              value="string"
/>,
            <MaskedInput
              className="string"
              error="required"
              id="sum"
              mask="9999"
              onBlur={[Function]}
              onChange={[Function]}
              startAdornment={
                            <WithStyles(InputAdornment)
                                          position="start"
                            >
                                          ₽
                            </WithStyles(InputAdornment)>
              }
              valid={false}
              value="string"
/>,
            <MaskedInput
              className="string"
              error={undefined}
              id="card"
              mask="9999 9999 9999 9999"
              onBlur={[Function]}
              onChange={[Function]}
              valid={true}
              value={undefined}
/>,
            <MaskedInput
              className="string"
              error={undefined}
              id="cvv"
              mask="999"
              onBlur={[Function]}
              onChange={[Function]}
              valid={true}
              value={undefined}
/>,
            <TextField
              className="string"
              id="operator"
              label={undefined}
              margin="normal"
              onChange={[Function]}
              required={false}
              select={true}
              value="string"
>
              <WithStyles(MenuItem)
                            value="mts"
              />
</TextField>,
            <WithStyles(Button)
              className="string"
              color="primary"
              onClick={[Function]}
              variant="contained"
>
              <pure(Payment)
                            className="string"
              />
</WithStyles(Button)>,
          ],
          "className": "string",
          "item": true,
          "lg": 4,
          "md": 6,
          "xs": 12,
        },
        "ref": null,
        "rendered": Array [
          Object {
            "instance": null,
            "key": undefined,
            "nodeType": "function",
            "props": Object {
              "className": "string",
              "error": "invalidPhone",
              "id": "phone",
              "mask": "+7 (999) 999-99-99",
              "onBlur": [Function],
              "onChange": [Function],
              "valid": true,
              "value": "string",
            },
            "ref": null,
            "rendered": null,
            "type": [Function],
          },
          Object {
            "instance": null,
            "key": undefined,
            "nodeType": "function",
            "props": Object {
              "className": "string",
              "error": "required",
              "id": "sum",
              "mask": "9999",
              "onBlur": [Function],
              "onChange": [Function],
              "startAdornment": <WithStyles(InputAdornment)
                position="start"
>
                ₽
</WithStyles(InputAdornment)>,
              "valid": false,
              "value": "string",
            },
            "ref": null,
            "rendered": null,
            "type": [Function],
          },
          Object {
            "instance": null,
            "key": undefined,
            "nodeType": "function",
            "props": Object {
              "className": "string",
              "error": undefined,
              "id": "card",
              "mask": "9999 9999 9999 9999",
              "onBlur": [Function],
              "onChange": [Function],
              "valid": true,
              "value": undefined,
            },
            "ref": null,
            "rendered": null,
            "type": [Function],
          },
          Object {
            "instance": null,
            "key": undefined,
            "nodeType": "function",
            "props": Object {
              "className": "string",
              "error": undefined,
              "id": "cvv",
              "mask": "999",
              "onBlur": [Function],
              "onChange": [Function],
              "valid": true,
              "value": undefined,
            },
            "ref": null,
            "rendered": null,
            "type": [Function],
          },
          Object {
            "instance": null,
            "key": undefined,
            "nodeType": "function",
            "props": Object {
              "children": Array [
                <WithStyles(MenuItem)
                  value="mts"
/>,
              ],
              "className": "string",
              "id": "operator",
              "label": undefined,
              "margin": "normal",
              "onChange": [Function],
              "required": false,
              "select": true,
              "value": "string",
            },
            "ref": null,
            "rendered": Array [
              Object {
                "instance": null,
                "key": "mts",
                "nodeType": "class",
                "props": Object {
                  "children": undefined,
                  "value": "mts",
                },
                "ref": null,
                "rendered": null,
                "type": [Function],
              },
            ],
            "type": [Function],
          },
          Object {
            "instance": null,
            "key": undefined,
            "nodeType": "class",
            "props": Object {
              "children": Array [
                undefined,
                <pure(Payment)
                  className="string"
/>,
              ],
              "className": "string",
              "color": "primary",
              "onClick": [Function],
              "variant": "contained",
            },
            "ref": null,
            "rendered": Array [
              undefined,
              Object {
                "instance": null,
                "key": undefined,
                "nodeType": "class",
                "props": Object {
                  "className": "string",
                },
                "ref": null,
                "rendered": null,
                "type": [Function],
              },
            ],
            "type": [Function],
          },
        ],
        "type": [Function],
      },
      "type": [Function],
    },
  ],
  Symbol(enzyme.__options__): Object {
    "adapter": ReactSixteenAdapter {
      "options": Object {
        "enableComponentDidUpdateOnSetState": true,
      },
    },
  },
}
`;
